[0.123s] DEBUG:colcon:Command line arguments: ['/usr/bin/colcon', 'build']
[0.123s] DEBUG:colcon:Parsed command line arguments: Namespace(log_base=None, log_level=None, verb_name='build', build_base='build', install_base='install', merge_install=False, symlink_install=False, test_result_base=None, continue_on_error=False, executor='parallel', parallel_workers=12, event_handlers=None, ignore_user_meta=False, metas=['./colcon.meta'], base_paths=['.'], packages_ignore=None, packages_ignore_regex=None, paths=None, packages_up_to=None, packages_up_to_regex=None, packages_above=None, packages_above_and_dependencies=None, packages_above_depth=None, packages_select_by_dep=None, packages_skip_by_dep=None, packages_skip_up_to=None, packages_select_build_failed=False, packages_skip_build_finished=False, packages_select_test_failures=False, packages_skip_test_passed=False, packages_select=None, packages_skip=None, packages_select_regex=None, packages_skip_regex=None, packages_start=None, packages_end=None, cmake_args=None, cmake_target=None, cmake_target_skip_unavailable=False, cmake_clean_cache=False, cmake_clean_first=False, cmake_force_configure=False, ament_cmake_args=None, catkin_cmake_args=None, catkin_skip_building_tests=False, mixin_files=None, mixin=None, verb_parser=<colcon_mixin.mixin.mixin_argument.MixinArgumentDecorator object at 0x7aa115fff7f0>, verb_extension=<colcon_core.verb.build.BuildVerb object at 0x7aa115fff280>, main=<bound method BuildVerb.main of <colcon_core.verb.build.BuildVerb object at 0x7aa115fff280>>, mixin_verb=('build',))
[0.246s] Level 1:colcon.colcon_core.package_discovery:discover_packages(colcon_meta) check parameters
[0.247s] INFO:colcon.colcon_metadata.package_discovery.colcon_meta:Using configuration from '/root/.colcon/metadata/default/Gazebo.meta'
[0.247s] INFO:colcon.colcon_metadata.package_discovery.colcon_meta:Using configuration from '/root/.colcon/metadata/default/fastdds.meta'
[0.248s] INFO:colcon.colcon_metadata.package_discovery.colcon_meta:Using configuration from '/root/.colcon/metadata/default/fastrtps.meta'
[0.248s] Level 1:colcon.colcon_core.package_discovery:discover_packages(recursive) check parameters
[0.248s] Level 1:colcon.colcon_core.package_discovery:discover_packages(ignore) check parameters
[0.248s] Level 1:colcon.colcon_core.package_discovery:discover_packages(path) check parameters
[0.248s] Level 1:colcon.colcon_core.package_discovery:discover_packages(colcon_meta) discover
[0.248s] Level 1:colcon.colcon_core.package_discovery:discover_packages(recursive) discover
[0.248s] INFO:colcon.colcon_core.package_discovery:Crawling recursively for packages in '/root/ws_moveit/src/servo_demo'
[0.248s] Level 1:colcon.colcon_core.package_identification:_identify(.) by extensions ['ignore', 'ignore_ament_install']
[0.248s] Level 1:colcon.colcon_core.package_identification:_identify(.) by extension 'ignore'
[0.248s] Level 1:colcon.colcon_core.package_identification:_identify(.) by extension 'ignore_ament_install'
[0.248s] Level 1:colcon.colcon_core.package_identification:_identify(.) by extensions ['colcon_pkg']
[0.248s] Level 1:colcon.colcon_core.package_identification:_identify(.) by extension 'colcon_pkg'
[0.248s] Level 1:colcon.colcon_core.package_identification:_identify(.) by extensions ['colcon_meta']
[0.248s] Level 1:colcon.colcon_core.package_identification:_identify(.) by extension 'colcon_meta'
[0.248s] Level 1:colcon.colcon_core.package_identification:_identify(.) by extensions ['ros']
[0.248s] Level 1:colcon.colcon_core.package_identification:_identify(.) by extension 'ros'
[0.261s] DEBUG:colcon.colcon_core.package_identification:Package '.' with type 'ros.ament_cmake' and name 'servo_demo'
[0.261s] Level 1:colcon.colcon_core.package_discovery:discover_packages(recursive) using defaults
[0.261s] Level 1:colcon.colcon_core.package_discovery:discover_packages(ignore) discover
[0.261s] Level 1:colcon.colcon_core.package_discovery:discover_packages(ignore) using defaults
[0.261s] Level 1:colcon.colcon_core.package_discovery:discover_packages(path) discover
[0.261s] Level 1:colcon.colcon_core.package_discovery:discover_packages(path) using defaults
[0.283s] Level 5:colcon.colcon_core.verb:set package 'servo_demo' build argument 'cmake_args' from command line to 'None'
[0.283s] Level 5:colcon.colcon_core.verb:set package 'servo_demo' build argument 'cmake_target' from command line to 'None'
[0.283s] Level 5:colcon.colcon_core.verb:set package 'servo_demo' build argument 'cmake_target_skip_unavailable' from command line to 'False'
[0.283s] Level 5:colcon.colcon_core.verb:set package 'servo_demo' build argument 'cmake_clean_cache' from command line to 'False'
[0.283s] Level 5:colcon.colcon_core.verb:set package 'servo_demo' build argument 'cmake_clean_first' from command line to 'False'
[0.283s] Level 5:colcon.colcon_core.verb:set package 'servo_demo' build argument 'cmake_force_configure' from command line to 'False'
[0.283s] Level 5:colcon.colcon_core.verb:set package 'servo_demo' build argument 'ament_cmake_args' from command line to 'None'
[0.283s] Level 5:colcon.colcon_core.verb:set package 'servo_demo' build argument 'catkin_cmake_args' from command line to 'None'
[0.283s] Level 5:colcon.colcon_core.verb:set package 'servo_demo' build argument 'catkin_skip_building_tests' from command line to 'False'
[0.283s] DEBUG:colcon.colcon_core.verb:Building package 'servo_demo' with the following arguments: {'ament_cmake_args': None, 'build_base': '/root/ws_moveit/src/servo_demo/build/servo_demo', 'catkin_cmake_args': None, 'catkin_skip_building_tests': False, 'cmake_args': None, 'cmake_clean_cache': False, 'cmake_clean_first': False, 'cmake_force_configure': False, 'cmake_target': None, 'cmake_target_skip_unavailable': False, 'install_base': '/root/ws_moveit/src/servo_demo/install/servo_demo', 'merge_install': False, 'path': '/root/ws_moveit/src/servo_demo', 'symlink_install': False, 'test_result_base': None}
[0.283s] INFO:colcon.colcon_core.executor:Executing jobs using 'parallel' executor
[0.284s] DEBUG:colcon.colcon_parallel_executor.executor.parallel:run_until_complete
[0.284s] INFO:colcon.colcon_ros.task.ament_cmake.build:Building ROS package in '/root/ws_moveit/src/servo_demo' with build type 'ament_cmake'
[0.284s] INFO:colcon.colcon_cmake.task.cmake.build:Building CMake package in '/root/ws_moveit/src/servo_demo'
[0.288s] INFO:colcon.colcon_core.plugin_system:Skipping extension 'colcon_core.shell.bat': Not used on non-Windows systems
[0.288s] INFO:colcon.colcon_core.shell:Skip shell extension 'powershell' for command environment: Not usable outside of PowerShell
[0.288s] DEBUG:colcon.colcon_core.shell:Skip shell extension 'dsv' for command environment
[0.313s] DEBUG:colcon.colcon_core.event_handler.log_command:Invoking command in '/root/ws_moveit/src/servo_demo/build/servo_demo': CMAKE_PREFIX_PATH=${CMAKE_PREFIX_PATH}:/root/ws_moveit/install/moveit_configs_utils:/root/ws_moveit/install/py_srvcli:/root/ws_moveit/install/launch_param_builder:/opt/ros/humble /usr/bin/cmake /root/ws_moveit/src/servo_demo -DCMAKE_INSTALL_PREFIX=/root/ws_moveit/src/servo_demo/install/servo_demo
[4.603s] DEBUG:colcon.colcon_core.event_handler.log_command:Invoked command in '/root/ws_moveit/src/servo_demo/build/servo_demo' returned '0': CMAKE_PREFIX_PATH=${CMAKE_PREFIX_PATH}:/root/ws_moveit/install/moveit_configs_utils:/root/ws_moveit/install/py_srvcli:/root/ws_moveit/install/launch_param_builder:/opt/ros/humble /usr/bin/cmake /root/ws_moveit/src/servo_demo -DCMAKE_INSTALL_PREFIX=/root/ws_moveit/src/servo_demo/install/servo_demo
[4.606s] DEBUG:colcon.colcon_core.event_handler.log_command:Invoking command in '/root/ws_moveit/src/servo_demo/build/servo_demo': CMAKE_PREFIX_PATH=${CMAKE_PREFIX_PATH}:/root/ws_moveit/install/moveit_configs_utils:/root/ws_moveit/install/py_srvcli:/root/ws_moveit/install/launch_param_builder:/opt/ros/humble /usr/bin/cmake --build /root/ws_moveit/src/servo_demo/build/servo_demo -- -j12 -l12
[6.172s] DEBUG:colcon.colcon_parallel_executor.executor.parallel:run_until_complete was interrupted
[6.172s] DEBUG:colcon.colcon_parallel_executor.executor.parallel:run_until_complete again
[6.181s] DEBUG:colcon.colcon_core.event_handler.log_command:Invoked command in '/root/ws_moveit/src/servo_demo/build/servo_demo' returned '-2': CMAKE_PREFIX_PATH=${CMAKE_PREFIX_PATH}:/root/ws_moveit/install/moveit_configs_utils:/root/ws_moveit/install/py_srvcli:/root/ws_moveit/install/launch_param_builder:/opt/ros/humble /usr/bin/cmake --build /root/ws_moveit/src/servo_demo/build/servo_demo -- -j12 -l12
[6.182s] Level 1:colcon.colcon_core.environment:create_environment_scripts_only(servo_demo)
[6.186s] Level 1:colcon.colcon_core.environment:checking '/root/ws_moveit/src/servo_demo/install/servo_demo' for CMake module files
[6.186s] Level 1:colcon.colcon_core.environment:checking '/root/ws_moveit/src/servo_demo/install/servo_demo' for CMake config files
[6.187s] Level 1:colcon.colcon_core.environment:checking '/root/ws_moveit/src/servo_demo/install/servo_demo/bin'
[6.187s] Level 1:colcon.colcon_core.environment:checking '/root/ws_moveit/src/servo_demo/install/servo_demo/lib/pkgconfig/servo_demo.pc'
[6.188s] Level 1:colcon.colcon_core.environment:checking '/root/ws_moveit/src/servo_demo/install/servo_demo/lib/python3.10/site-packages'
[6.188s] Level 1:colcon.colcon_core.environment:checking '/root/ws_moveit/src/servo_demo/install/servo_demo/bin'
[6.189s] INFO:colcon.colcon_core.shell:Creating package script '/root/ws_moveit/src/servo_demo/install/servo_demo/share/servo_demo/package.ps1'
[6.189s] INFO:colcon.colcon_core.shell:Creating package descriptor '/root/ws_moveit/src/servo_demo/install/servo_demo/share/servo_demo/package.dsv'
[6.190s] INFO:colcon.colcon_core.shell:Creating package script '/root/ws_moveit/src/servo_demo/install/servo_demo/share/servo_demo/package.sh'
[6.191s] INFO:colcon.colcon_core.shell:Creating package script '/root/ws_moveit/src/servo_demo/install/servo_demo/share/servo_demo/package.bash'
[6.191s] INFO:colcon.colcon_core.shell:Creating package script '/root/ws_moveit/src/servo_demo/install/servo_demo/share/servo_demo/package.zsh'
[6.192s] Level 1:colcon.colcon_core.environment:create_file_with_runtime_dependencies(/root/ws_moveit/src/servo_demo/install/servo_demo/share/colcon-core/packages/servo_demo)
[6.202s] DEBUG:colcon.colcon_parallel_executor.executor.parallel:run_until_complete finished
[6.202s] DEBUG:colcon.colcon_parallel_executor.executor.parallel:closing loop
[6.203s] DEBUG:colcon.colcon_parallel_executor.executor.parallel:loop closed
[6.203s] DEBUG:colcon.colcon_core.event_reactor:joining thread
[6.211s] INFO:colcon.colcon_core.plugin_system:Skipping extension 'colcon_notification.desktop_notification.notify_send': Could not find 'notify-send'
[6.211s] INFO:colcon.colcon_core.plugin_system:Skipping extension 'colcon_notification.desktop_notification.terminal_notifier': Not used on non-Darwin systems
[6.211s] INFO:colcon.colcon_core.plugin_system:Skipping extension 'colcon_notification.desktop_notification.win32': Not used on non-Windows systems
[6.211s] INFO:colcon.colcon_notification.desktop_notification:Sending desktop notification using 'notify2'
[6.214s] DEBUG:colcon.colcon_notification.desktop_notification.notify2:Failed to initialize notify2: org.freedesktop.DBus.Error.Spawn.ExecFailed: /usr/bin/dbus-launch terminated abnormally without any error message
[6.214s] DEBUG:colcon.colcon_core.event_reactor:joined thread
[6.214s] INFO:colcon.colcon_core.shell:Creating prefix script '/root/ws_moveit/src/servo_demo/install/local_setup.ps1'
[6.216s] INFO:colcon.colcon_core.shell:Creating prefix util module '/root/ws_moveit/src/servo_demo/install/_local_setup_util_ps1.py'
[6.217s] INFO:colcon.colcon_core.shell:Creating prefix chain script '/root/ws_moveit/src/servo_demo/install/setup.ps1'
[6.222s] INFO:colcon.colcon_core.shell:Creating prefix script '/root/ws_moveit/src/servo_demo/install/local_setup.sh'
[6.223s] INFO:colcon.colcon_core.shell:Creating prefix util module '/root/ws_moveit/src/servo_demo/install/_local_setup_util_sh.py'
[6.224s] INFO:colcon.colcon_core.shell:Creating prefix chain script '/root/ws_moveit/src/servo_demo/install/setup.sh'
[6.230s] INFO:colcon.colcon_core.shell:Creating prefix script '/root/ws_moveit/src/servo_demo/install/local_setup.bash'
[6.231s] INFO:colcon.colcon_core.shell:Creating prefix chain script '/root/ws_moveit/src/servo_demo/install/setup.bash'
[6.237s] INFO:colcon.colcon_core.shell:Creating prefix script '/root/ws_moveit/src/servo_demo/install/local_setup.zsh'
[6.238s] INFO:colcon.colcon_core.shell:Creating prefix chain script '/root/ws_moveit/src/servo_demo/install/setup.zsh'
